src/features/schedule/pages/SchedulePage.tsx(4,34): error TS6133: 'FileDown' is declared but its value is never read.
src/features/schedule/pages/SchedulePage.tsx(28,34): error TS6133: 'isLoading' is declared but its value is never read.
src/features/schedule/pages/SchedulePage.tsx(254,21): error TS2322: Type '{ columns: ColumnDef<ScheduleRequest>[]; data: ScheduleRequest[]; searchKey: string; searchPlaceholder: string; searchPosition: "bottom"; defaultPageSize: number; }' is not assignable to type 'IntrinsicAttributes & DataTableProps<ScheduleRequest, unknown>'.
  Property 'searchPlaceholder' does not exist on type 'IntrinsicAttributes & DataTableProps<ScheduleRequest, unknown>'.
