  Determining projects to restore...
  All projects are up-to-date for restore.
  CoffeeStaffManagement.Domain -> D:\GitHub\coffee-staff-management\backend\CoffeeStaffManagement.Domain\bin\Debug\net10.0\CoffeeStaffManagement.Domain.dll
D:\GitHub\coffee-staff-management\backend\CoffeeStaffManagement.Application\Transactions\Commands\CreateTransactionCommand.cs(31,13): error CS0117: 'Transaction' does not contain a definition for 'Description' [D:\GitHub\coffee-staff-management\backend\CoffeeStaffManagement.Application\CoffeeStaffManagement.Application.csproj]
D:\GitHub\coffee-staff-management\backend\CoffeeStaffManagement.Application\Transactions\Commands\CreateTransactionCommand.cs(51,34): error CS1061: 'Transaction' does not contain a definition for 'Description' and no accessible extension method 'Description' accepting a first argument of type 'Transaction' could be found (are you missing a using directive or an assembly reference?) [D:\GitHub\coffee-staff-management\backend\CoffeeStaffManagement.Application\CoffeeStaffManagement.Application.csproj]

Build FAILED.

D:\GitHub\coffee-staff-management\backend\CoffeeStaffManagement.Application\Transactions\Commands\CreateTransactionCommand.cs(31,13): error CS0117: 'Transaction' does not contain a definition for 'Description' [D:\GitHub\coffee-staff-management\backend\CoffeeStaffManagement.Application\CoffeeStaffManagement.Application.csproj]
D:\GitHub\coffee-staff-management\backend\CoffeeStaffManagement.Application\Transactions\Commands\CreateTransactionCommand.cs(51,34): error CS1061: 'Transaction' does not contain a definition for 'Description' and no accessible extension method 'Description' accepting a first argument of type 'Transaction' could be found (are you missing a using directive or an assembly reference?) [D:\GitHub\coffee-staff-management\backend\CoffeeStaffManagement.Application\CoffeeStaffManagement.Application.csproj]
    0 Warning(s)
    2 Error(s)

Time Elapsed 00:00:02.48
