  Determining projects to restore...
  All projects are up-to-date for restore.
  CoffeeStaffManagement.Domain -> D:\GitHub\coffee-staff-management\backend\CoffeeStaffManagement.Domain\bin\Debug\net10.0\CoffeeStaffManagement.Domain.dll
  CoffeeStaffManagement.Application -> D:\GitHub\coffee-staff-management\backend\CoffeeStaffManagement.Application\bin\Debug\net10.0\CoffeeStaffManagement.Application.dll
  CoffeeStaffManagement.Infrastructure -> D:\GitHub\coffee-staff-management\backend\CoffeeStaffManagement.Infrastructure\bin\Debug\net10.0\CoffeeStaffManagement.Infrastructure.dll
  CoffeeStaffManagement.API -> D:\GitHub\coffee-staff-management\backend\CoffeeStaffManagement.API\bin\Debug\net10.0\CoffeeStaffManagement.API.dll

Build succeeded.
    0 Warning(s)
    0 Error(s)

Time Elapsed 00:00:09.46
