  Determining projects to restore...
  Restored D:\GitHub\coffee-staff-management\backend\CoffeeStaffManagement.API\CoffeeStaffManagement.API.csproj (in 625 ms).
  3 of 4 projects are up-to-date for restore.
  CoffeeStaffManagement.Domain -> D:\GitHub\coffee-staff-management\backend\CoffeeStaffManagement.Domain\bin\Debug\net10.0\CoffeeStaffManagement.Domain.dll
  CoffeeStaffManagement.Application -> D:\GitHub\coffee-staff-management\backend\CoffeeStaffManagement.Application\bin\Debug\net10.0\CoffeeStaffManagement.Application.dll
  CoffeeStaffManagement.Infrastructure -> D:\GitHub\coffee-staff-management\backend\CoffeeStaffManagement.Infrastructure\bin\Debug\net10.0\CoffeeStaffManagement.Infrastructure.dll
C:\Program Files\dotnet\sdk\10.0.102\Microsoft.Common.CurrentVersion.targets(5080,5): warning MSB3026: Could not copy "D:\GitHub\coffee-staff-management\backend\CoffeeStaffManagement.Application\bin\Debug\net10.0\CoffeeStaffManagement.Application.dll" to "bin\Debug\net10.0\CoffeeStaffManagement.Application.dll". Beginning retry 1 in 1000ms. The process cannot access the file 'D:\GitHub\coffee-staff-management\backend\CoffeeStaffManagement.API\bin\Debug\net10.0\CoffeeStaffManagement.Application.dll' because it is being used by another process. The file is locked by: "CoffeeStaffManagement.API (6624)" [D:\GitHub\coffee-staff-management\backend\CoffeeStaffManagement.API\CoffeeStaffManagement.API.csproj]
C:\Program Files\dotnet\sdk\10.0.102\Microsoft.Common.CurrentVersion.targets(5080,5): warning MSB3026: Could not copy "D:\GitHub\coffee-staff-management\backend\CoffeeStaffManagement.Infrastructure\bin\Debug\net10.0\CoffeeStaffManagement.Infrastructure.dll" to "bin\Debug\net10.0\CoffeeStaffManagement.Infrastructure.dll". Beginning retry 1 in 1000ms. The process cannot access the file 'D:\GitHub\coffee-staff-management\backend\CoffeeStaffManagement.API\bin\Debug\net10.0\CoffeeStaffManagement.Infrastructure.dll' because it is being used by another process. The file is locked by: "CoffeeStaffManagement.API (6624)" [D:\GitHub\coffee-staff-management\backend\CoffeeStaffManagement.API\CoffeeStaffManagement.API.csproj]
C:\Program Files\dotnet\sdk\10.0.102\Microsoft.Common.CurrentVersion.targets(5080,5): warning MSB3026: Could not copy "D:\GitHub\coffee-staff-management\backend\CoffeeStaffManagement.Domain\bin\Debug\net10.0\CoffeeStaffManagement.Domain.dll" to "bin\Debug\net10.0\CoffeeStaffManagement.Domain.dll". Beginning retry 1 in 1000ms. The process cannot access the file 'D:\GitHub\coffee-staff-management\backend\CoffeeStaffManagement.API\bin\Debug\net10.0\CoffeeStaffManagement.Domain.dll' because it is being used by another process. The file is locked by: "CoffeeStaffManagement.API (6624)" [D:\GitHub\coffee-staff-management\backend\CoffeeStaffManagement.API\CoffeeStaffManagement.API.csproj]
C:\Program Files\dotnet\sdk\10.0.102\Microsoft.Common.CurrentVersion.targets(5080,5): warning MSB3026: Could not copy "D:\GitHub\coffee-staff-management\backend\CoffeeStaffManagement.Infrastructure\bin\Debug\net10.0\CoffeeStaffManagement.Infrastructure.dll" to "bin\Debug\net10.0\CoffeeStaffManagement.Infrastructure.dll". Beginning retry 2 in 1000ms. The process cannot access the file 'D:\GitHub\coffee-staff-management\backend\CoffeeStaffManagement.API\bin\Debug\net10.0\CoffeeStaffManagement.Infrastructure.dll' because it is being used by another process. The file is locked by: "CoffeeStaffManagement.API (6624)" [D:\GitHub\coffee-staff-management\backend\CoffeeStaffManagement.API\CoffeeStaffManagement.API.csproj]
C:\Program Files\dotnet\sdk\10.0.102\Microsoft.Common.CurrentVersion.targets(5080,5): warning MSB3026: Could not copy "D:\GitHub\coffee-staff-management\backend\CoffeeStaffManagement.Application\bin\Debug\net10.0\CoffeeStaffManagement.Application.dll" to "bin\Debug\net10.0\CoffeeStaffManagement.Application.dll". Beginning retry 2 in 1000ms. The process cannot access the file 'D:\GitHub\coffee-staff-management\backend\CoffeeStaffManagement.API\bin\Debug\net10.0\CoffeeStaffManagement.Application.dll' because it is being used by another process. The file is locked by: "CoffeeStaffManagement.API (6624)" [D:\GitHub\coffee-staff-management\backend\CoffeeStaffManagement.API\CoffeeStaffManagement.API.csproj]
C:\Program Files\dotnet\sdk\10.0.102\Microsoft.Common.CurrentVersion.targets(5080,5): warning MSB3026: Could not copy "D:\GitHub\coffee-staff-management\backend\CoffeeStaffManagement.Domain\bin\Debug\net10.0\CoffeeStaffManagement.Domain.dll" to "bin\Debug\net10.0\CoffeeStaffManagement.Domain.dll". Beginning retry 2 in 1000ms. The process cannot access the file 'D:\GitHub\coffee-staff-management\backend\CoffeeStaffManagement.API\bin\Debug\net10.0\CoffeeStaffManagement.Domain.dll' because it is being used by another process. The file is locked by: "CoffeeStaffManagement.API (6624)" [D:\GitHub\coffee-staff-management\backend\CoffeeStaffManagement.API\CoffeeStaffManagement.API.csproj]
C:\Program Files\dotnet\sdk\10.0.102\Microsoft.Common.CurrentVersion.targets(5080,5): warning MSB3026: Could not copy "D:\GitHub\coffee-staff-management\backend\CoffeeStaffManagement.Application\bin\Debug\net10.0\CoffeeStaffManagement.Application.dll" to "bin\Debug\net10.0\CoffeeStaffManagement.Application.dll". Beginning retry 3 in 1000ms. The process cannot access the file 'D:\GitHub\coffee-staff-management\backend\CoffeeStaffManagement.API\bin\Debug\net10.0\CoffeeStaffManagement.Application.dll' because it is being used by another process. The file is locked by: "CoffeeStaffManagement.API (6624)" [D:\GitHub\coffee-staff-management\backend\CoffeeStaffManagement.API\CoffeeStaffManagement.API.csproj]
C:\Program Files\dotnet\sdk\10.0.102\Microsoft.Common.CurrentVersion.targets(5080,5): warning MSB3026: Could not copy "D:\GitHub\coffee-staff-management\backend\CoffeeStaffManagement.Infrastructure\bin\Debug\net10.0\CoffeeStaffManagement.Infrastructure.dll" to "bin\Debug\net10.0\CoffeeStaffManagement.Infrastructure.dll". Beginning retry 3 in 1000ms. The process cannot access the file 'D:\GitHub\coffee-staff-management\backend\CoffeeStaffManagement.API\bin\Debug\net10.0\CoffeeStaffManagement.Infrastructure.dll' because it is being used by another process. The file is locked by: "CoffeeStaffManagement.API (6624)" [D:\GitHub\coffee-staff-management\backend\CoffeeStaffManagement.API\CoffeeStaffManagement.API.csproj]
C:\Program Files\dotnet\sdk\10.0.102\Microsoft.Common.CurrentVersion.targets(5080,5): warning MSB3026: Could not copy "D:\GitHub\coffee-staff-management\backend\CoffeeStaffManagement.Domain\bin\Debug\net10.0\CoffeeStaffManagement.Domain.dll" to "bin\Debug\net10.0\CoffeeStaffManagement.Domain.dll". Beginning retry 3 in 1000ms. The process cannot access the file 'D:\GitHub\coffee-staff-management\backend\CoffeeStaffManagement.API\bin\Debug\net10.0\CoffeeStaffManagement.Domain.dll' because it is being used by another process. The file is locked by: "CoffeeStaffManagement.API (6624)" [D:\GitHub\coffee-staff-management\backend\CoffeeStaffManagement.API\CoffeeStaffManagement.API.csproj]
C:\Program Files\dotnet\sdk\10.0.102\Microsoft.Common.CurrentVersion.targets(5080,5): warning MSB3026: Could not copy "D:\GitHub\coffee-staff-management\backend\CoffeeStaffManagement.Application\bin\Debug\net10.0\CoffeeStaffManagement.Application.dll" to "bin\Debug\net10.0\CoffeeStaffManagement.Application.dll". Beginning retry 4 in 1000ms. The process cannot access the file 'D:\GitHub\coffee-staff-management\backend\CoffeeStaffManagement.API\bin\Debug\net10.0\CoffeeStaffManagement.Application.dll' because it is being used by another process. The file is locked by: "CoffeeStaffManagement.API (6624)" [D:\GitHub\coffee-staff-management\backend\CoffeeStaffManagement.API\CoffeeStaffManagement.API.csproj]
C:\Program Files\dotnet\sdk\10.0.102\Microsoft.Common.CurrentVersion.targets(5080,5): warning MSB3026: Could not copy "D:\GitHub\coffee-staff-management\backend\CoffeeStaffManagement.Domain\bin\Debug\net10.0\CoffeeStaffManagement.Domain.dll" to "bin\Debug\net10.0\CoffeeStaffManagement.Domain.dll". Beginning retry 4 in 1000ms. The process cannot access the file 'D:\GitHub\coffee-staff-management\backend\CoffeeStaffManagement.API\bin\Debug\net10.0\CoffeeStaffManagement.Domain.dll' because it is being used by another process. The file is locked by: "CoffeeStaffManagement.API (6624)" [D:\GitHub\coffee-staff-management\backend\CoffeeStaffManagement.API\CoffeeStaffManagement.API.csproj]
C:\Program Files\dotnet\sdk\10.0.102\Microsoft.Common.CurrentVersion.targets(5080,5): warning MSB3026: Could not copy "D:\GitHub\coffee-staff-management\backend\CoffeeStaffManagement.Infrastructure\bin\Debug\net10.0\CoffeeStaffManagement.Infrastructure.dll" to "bin\Debug\net10.0\CoffeeStaffManagement.Infrastructure.dll". Beginning retry 4 in 1000ms. The process cannot access the file 'D:\GitHub\coffee-staff-management\backend\CoffeeStaffManagement.API\bin\Debug\net10.0\CoffeeStaffManagement.Infrastructure.dll' because it is being used by another process. The file is locked by: "CoffeeStaffManagement.API (6624)" [D:\GitHub\coffee-staff-management\backend\CoffeeStaffManagement.API\CoffeeStaffManagement.API.csproj]
C:\Program Files\dotnet\sdk\10.0.102\Microsoft.Common.CurrentVersion.targets(5080,5): warning MSB3026: Could not copy "D:\GitHub\coffee-staff-management\backend\CoffeeStaffManagement.Application\bin\Debug\net10.0\CoffeeStaffManagement.Application.dll" to "bin\Debug\net10.0\CoffeeStaffManagement.Application.dll". Beginning retry 5 in 1000ms. The process cannot access the file 'D:\GitHub\coffee-staff-management\backend\CoffeeStaffManagement.API\bin\Debug\net10.0\CoffeeStaffManagement.Application.dll' because it is being used by another process. The file is locked by: "CoffeeStaffManagement.API (6624)" [D:\GitHub\coffee-staff-management\backend\CoffeeStaffManagement.API\CoffeeStaffManagement.API.csproj]
C:\Program Files\dotnet\sdk\10.0.102\Microsoft.Common.CurrentVersion.targets(5080,5): warning MSB3026: Could not copy "D:\GitHub\coffee-staff-management\backend\CoffeeStaffManagement.Domain\bin\Debug\net10.0\CoffeeStaffManagement.Domain.dll" to "bin\Debug\net10.0\CoffeeStaffManagement.Domain.dll". Beginning retry 5 in 1000ms. The process cannot access the file 'D:\GitHub\coffee-staff-management\backend\CoffeeStaffManagement.API\bin\Debug\net10.0\CoffeeStaffManagement.Domain.dll' because it is being used by another process. The file is locked by: "CoffeeStaffManagement.API (6624)" [D:\GitHub\coffee-staff-management\backend\CoffeeStaffManagement.API\CoffeeStaffManagement.API.csproj]
C:\Program Files\dotnet\sdk\10.0.102\Microsoft.Common.CurrentVersion.targets(5080,5): warning MSB3026: Could not copy "D:\GitHub\coffee-staff-management\backend\CoffeeStaffManagement.Infrastructure\bin\Debug\net10.0\CoffeeStaffManagement.Infrastructure.dll" to "bin\Debug\net10.0\CoffeeStaffManagement.Infrastructure.dll". Beginning retry 5 in 1000ms. The process cannot access the file 'D:\GitHub\coffee-staff-management\backend\CoffeeStaffManagement.API\bin\Debug\net10.0\CoffeeStaffManagement.Infrastructure.dll' because it is being used by another process. The file is locked by: "CoffeeStaffManagement.API (6624)" [D:\GitHub\coffee-staff-management\backend\CoffeeStaffManagement.API\CoffeeStaffManagement.API.csproj]
C:\Program Files\dotnet\sdk\10.0.102\Microsoft.Common.CurrentVersion.targets(5080,5): warning MSB3026: Could not copy "D:\GitHub\coffee-staff-management\backend\CoffeeStaffManagement.Application\bin\Debug\net10.0\CoffeeStaffManagement.Application.dll" to "bin\Debug\net10.0\CoffeeStaffManagement.Application.dll". Beginning retry 6 in 1000ms. The process cannot access the file 'D:\GitHub\coffee-staff-management\backend\CoffeeStaffManagement.API\bin\Debug\net10.0\CoffeeStaffManagement.Application.dll' because it is being used by another process. The file is locked by: "CoffeeStaffManagement.API (6624)" [D:\GitHub\coffee-staff-management\backend\CoffeeStaffManagement.API\CoffeeStaffManagement.API.csproj]
C:\Program Files\dotnet\sdk\10.0.102\Microsoft.Common.CurrentVersion.targets(5080,5): warning MSB3026: Could not copy "D:\GitHub\coffee-staff-management\backend\CoffeeStaffManagement.Domain\bin\Debug\net10.0\CoffeeStaffManagement.Domain.dll" to "bin\Debug\net10.0\CoffeeStaffManagement.Domain.dll". Beginning retry 6 in 1000ms. The process cannot access the file 'D:\GitHub\coffee-staff-management\backend\CoffeeStaffManagement.API\bin\Debug\net10.0\CoffeeStaffManagement.Domain.dll' because it is being used by another process. The file is locked by: "CoffeeStaffManagement.API (6624)" [D:\GitHub\coffee-staff-management\backend\CoffeeStaffManagement.API\CoffeeStaffManagement.API.csproj]
C:\Program Files\dotnet\sdk\10.0.102\Microsoft.Common.CurrentVersion.targets(5080,5): warning MSB3026: Could not copy "D:\GitHub\coffee-staff-management\backend\CoffeeStaffManagement.Infrastructure\bin\Debug\net10.0\CoffeeStaffManagement.Infrastructure.dll" to "bin\Debug\net10.0\CoffeeStaffManagement.Infrastructure.dll". Beginning retry 6 in 1000ms. The process cannot access the file 'D:\GitHub\coffee-staff-management\backend\CoffeeStaffManagement.API\bin\Debug\net10.0\CoffeeStaffManagement.Infrastructure.dll' because it is being used by another process. The file is locked by: "CoffeeStaffManagement.API (6624)" [D:\GitHub\coffee-staff-management\backend\CoffeeStaffManagement.API\CoffeeStaffManagement.API.csproj]
C:\Program Files\dotnet\sdk\10.0.102\Microsoft.Common.CurrentVersion.targets(5080,5): warning MSB3026: Could not copy "D:\GitHub\coffee-staff-management\backend\CoffeeStaffManagement.Application\bin\Debug\net10.0\CoffeeStaffManagement.Application.dll" to "bin\Debug\net10.0\CoffeeStaffManagement.Application.dll". Beginning retry 7 in 1000ms. The process cannot access the file 'D:\GitHub\coffee-staff-management\backend\CoffeeStaffManagement.API\bin\Debug\net10.0\CoffeeStaffManagement.Application.dll' because it is being used by another process. The file is locked by: "CoffeeStaffManagement.API (6624)" [D:\GitHub\coffee-staff-management\backend\CoffeeStaffManagement.API\CoffeeStaffManagement.API.csproj]
C:\Program Files\dotnet\sdk\10.0.102\Microsoft.Common.CurrentVersion.targets(5080,5): warning MSB3026: Could not copy "D:\GitHub\coffee-staff-management\backend\CoffeeStaffManagement.Domain\bin\Debug\net10.0\CoffeeStaffManagement.Domain.dll" to "bin\Debug\net10.0\CoffeeStaffManagement.Domain.dll". Beginning retry 7 in 1000ms. The process cannot access the file 'D:\GitHub\coffee-staff-management\backend\CoffeeStaffManagement.API\bin\Debug\net10.0\CoffeeStaffManagement.Domain.dll' because it is being used by another process. The file is locked by: "CoffeeStaffManagement.API (6624)" [D:\GitHub\coffee-staff-management\backend\CoffeeStaffManagement.API\CoffeeStaffManagement.API.csproj]
C:\Program Files\dotnet\sdk\10.0.102\Microsoft.Common.CurrentVersion.targets(5080,5): warning MSB3026: Could not copy "D:\GitHub\coffee-staff-management\backend\CoffeeStaffManagement.Infrastructure\bin\Debug\net10.0\CoffeeStaffManagement.Infrastructure.dll" to "bin\Debug\net10.0\CoffeeStaffManagement.Infrastructure.dll". Beginning retry 7 in 1000ms. The process cannot access the file 'D:\GitHub\coffee-staff-management\backend\CoffeeStaffManagement.API\bin\Debug\net10.0\CoffeeStaffManagement.Infrastructure.dll' because it is being used by another process. The file is locked by: "CoffeeStaffManagement.API (6624)" [D:\GitHub\coffee-staff-management\backend\CoffeeStaffManagement.API\CoffeeStaffManagement.API.csproj]
C:\Program Files\dotnet\sdk\10.0.102\Microsoft.Common.CurrentVersion.targets(5080,5): warning MSB3026: Could not copy "D:\GitHub\coffee-staff-management\backend\CoffeeStaffManagement.Application\bin\Debug\net10.0\CoffeeStaffManagement.Application.dll" to "bin\Debug\net10.0\CoffeeStaffManagement.Application.dll". Beginning retry 8 in 1000ms. The process cannot access the file 'D:\GitHub\coffee-staff-management\backend\CoffeeStaffManagement.API\bin\Debug\net10.0\CoffeeStaffManagement.Application.dll' because it is being used by another process. The file is locked by: "CoffeeStaffManagement.API (6624)" [D:\GitHub\coffee-staff-management\backend\CoffeeStaffManagement.API\CoffeeStaffManagement.API.csproj]
C:\Program Files\dotnet\sdk\10.0.102\Microsoft.Common.CurrentVersion.targets(5080,5): warning MSB3026: Could not copy "D:\GitHub\coffee-staff-management\backend\CoffeeStaffManagement.Domain\bin\Debug\net10.0\CoffeeStaffManagement.Domain.dll" to "bin\Debug\net10.0\CoffeeStaffManagement.Domain.dll". Beginning retry 8 in 1000ms. The process cannot access the file 'D:\GitHub\coffee-staff-management\backend\CoffeeStaffManagement.API\bin\Debug\net10.0\CoffeeStaffManagement.Domain.dll' because it is being used by another process. The file is locked by: "CoffeeStaffManagement.API (6624)" [D:\GitHub\coffee-staff-management\backend\CoffeeStaffManagement.API\CoffeeStaffManagement.API.csproj]
C:\Program Files\dotnet\sdk\10.0.102\Microsoft.Common.CurrentVersion.targets(5080,5): warning MSB3026: Could not copy "D:\GitHub\coffee-staff-management\backend\CoffeeStaffManagement.Infrastructure\bin\Debug\net10.0\CoffeeStaffManagement.Infrastructure.dll" to "bin\Debug\net10.0\CoffeeStaffManagement.Infrastructure.dll". Beginning retry 8 in 1000ms. The process cannot access the file 'D:\GitHub\coffee-staff-management\backend\CoffeeStaffManagement.API\bin\Debug\net10.0\CoffeeStaffManagement.Infrastructure.dll' because it is being used by another process. The file is locked by: "CoffeeStaffManagement.API (6624)" [D:\GitHub\coffee-staff-management\backend\CoffeeStaffManagement.API\CoffeeStaffManagement.API.csproj]
C:\Program Files\dotnet\sdk\10.0.102\Microsoft.Common.CurrentVersion.targets(5080,5): warning MSB3026: Could not copy "D:\GitHub\coffee-staff-management\backend\CoffeeStaffManagement.Application\bin\Debug\net10.0\CoffeeStaffManagement.Application.dll" to "bin\Debug\net10.0\CoffeeStaffManagement.Application.dll". Beginning retry 9 in 1000ms. The process cannot access the file 'D:\GitHub\coffee-staff-management\backend\CoffeeStaffManagement.API\bin\Debug\net10.0\CoffeeStaffManagement.Application.dll' because it is being used by another process. The file is locked by: "CoffeeStaffManagement.API (6624)" [D:\GitHub\coffee-staff-management\backend\CoffeeStaffManagement.API\CoffeeStaffManagement.API.csproj]
C:\Program Files\dotnet\sdk\10.0.102\Microsoft.Common.CurrentVersion.targets(5080,5): warning MSB3026: Could not copy "D:\GitHub\coffee-staff-management\backend\CoffeeStaffManagement.Domain\bin\Debug\net10.0\CoffeeStaffManagement.Domain.dll" to "bin\Debug\net10.0\CoffeeStaffManagement.Domain.dll". Beginning retry 9 in 1000ms. The process cannot access the file 'D:\GitHub\coffee-staff-management\backend\CoffeeStaffManagement.API\bin\Debug\net10.0\CoffeeStaffManagement.Domain.dll' because it is being used by another process. The file is locked by: "CoffeeStaffManagement.API (6624)" [D:\GitHub\coffee-staff-management\backend\CoffeeStaffManagement.API\CoffeeStaffManagement.API.csproj]
C:\Program Files\dotnet\sdk\10.0.102\Microsoft.Common.CurrentVersion.targets(5080,5): warning MSB3026: Could not copy "D:\GitHub\coffee-staff-management\backend\CoffeeStaffManagement.Infrastructure\bin\Debug\net10.0\CoffeeStaffManagement.Infrastructure.dll" to "bin\Debug\net10.0\CoffeeStaffManagement.Infrastructure.dll". Beginning retry 9 in 1000ms. The process cannot access the file 'D:\GitHub\coffee-staff-management\backend\CoffeeStaffManagement.API\bin\Debug\net10.0\CoffeeStaffManagement.Infrastructure.dll' because it is being used by another process. The file is locked by: "CoffeeStaffManagement.API (6624)" [D:\GitHub\coffee-staff-management\backend\CoffeeStaffManagement.API\CoffeeStaffManagement.API.csproj]
C:\Program Files\dotnet\sdk\10.0.102\Microsoft.Common.CurrentVersion.targets(5080,5): warning MSB3026: Could not copy "D:\GitHub\coffee-staff-management\backend\CoffeeStaffManagement.Application\bin\Debug\net10.0\CoffeeStaffManagement.Application.dll" to "bin\Debug\net10.0\CoffeeStaffManagement.Application.dll". Beginning retry 10 in 1000ms. The process cannot access the file 'D:\GitHub\coffee-staff-management\backend\CoffeeStaffManagement.API\bin\Debug\net10.0\CoffeeStaffManagement.Application.dll' because it is being used by another process. The file is locked by: "CoffeeStaffManagement.API (6624)" [D:\GitHub\coffee-staff-management\backend\CoffeeStaffManagement.API\CoffeeStaffManagement.API.csproj]
C:\Program Files\dotnet\sdk\10.0.102\Microsoft.Common.CurrentVersion.targets(5080,5): warning MSB3026: Could not copy "D:\GitHub\coffee-staff-management\backend\CoffeeStaffManagement.Domain\bin\Debug\net10.0\CoffeeStaffManagement.Domain.dll" to "bin\Debug\net10.0\CoffeeStaffManagement.Domain.dll". Beginning retry 10 in 1000ms. The process cannot access the file 'D:\GitHub\coffee-staff-management\backend\CoffeeStaffManagement.API\bin\Debug\net10.0\CoffeeStaffManagement.Domain.dll' because it is being used by another process. The file is locked by: "CoffeeStaffManagement.API (6624)" [D:\GitHub\coffee-staff-management\backend\CoffeeStaffManagement.API\CoffeeStaffManagement.API.csproj]
C:\Program Files\dotnet\sdk\10.0.102\Microsoft.Common.CurrentVersion.targets(5080,5): warning MSB3026: Could not copy "D:\GitHub\coffee-staff-management\backend\CoffeeStaffManagement.Infrastructure\bin\Debug\net10.0\CoffeeStaffManagement.Infrastructure.dll" to "bin\Debug\net10.0\CoffeeStaffManagement.Infrastructure.dll". Beginning retry 10 in 1000ms. The process cannot access the file 'D:\GitHub\coffee-staff-management\backend\CoffeeStaffManagement.API\bin\Debug\net10.0\CoffeeStaffManagement.Infrastructure.dll' because it is being used by another process. The file is locked by: "CoffeeStaffManagement.API (6624)" [D:\GitHub\coffee-staff-management\backend\CoffeeStaffManagement.API\CoffeeStaffManagement.API.csproj]
C:\Program Files\dotnet\sdk\10.0.102\Microsoft.Common.CurrentVersion.targets(5080,5): error MSB3027: Could not copy "D:\GitHub\coffee-staff-management\backend\CoffeeStaffManagement.Application\bin\Debug\net10.0\CoffeeStaffManagement.Application.dll" to "bin\Debug\net10.0\CoffeeStaffManagement.Application.dll". Exceeded retry count of 10. Failed. The file is locked by: "CoffeeStaffManagement.API (6624)" [D:\GitHub\coffee-staff-management\backend\CoffeeStaffManagement.API\CoffeeStaffManagement.API.csproj]
C:\Program Files\dotnet\sdk\10.0.102\Microsoft.Common.CurrentVersion.targets(5080,5): error MSB3021: Unable to copy file "D:\GitHub\coffee-staff-management\backend\CoffeeStaffManagement.Application\bin\Debug\net10.0\CoffeeStaffManagement.Application.dll" to "bin\Debug\net10.0\CoffeeStaffManagement.Application.dll". The process cannot access the file 'D:\GitHub\coffee-staff-management\backend\CoffeeStaffManagement.API\bin\Debug\net10.0\CoffeeStaffManagement.Application.dll' because it is being used by another process. [D:\GitHub\coffee-staff-management\backend\CoffeeStaffManagement.API\CoffeeStaffManagement.API.csproj]
C:\Program Files\dotnet\sdk\10.0.102\Microsoft.Common.CurrentVersion.targets(5080,5): error MSB3027: Could not copy "D:\GitHub\coffee-staff-management\backend\CoffeeStaffManagement.Domain\bin\Debug\net10.0\CoffeeStaffManagement.Domain.dll" to "bin\Debug\net10.0\CoffeeStaffManagement.Domain.dll". Exceeded retry count of 10. Failed. The file is locked by: "CoffeeStaffManagement.API (6624)" [D:\GitHub\coffee-staff-management\backend\CoffeeStaffManagement.API\CoffeeStaffManagement.API.csproj]
C:\Program Files\dotnet\sdk\10.0.102\Microsoft.Common.CurrentVersion.targets(5080,5): error MSB3021: Unable to copy file "D:\GitHub\coffee-staff-management\backend\CoffeeStaffManagement.Domain\bin\Debug\net10.0\CoffeeStaffManagement.Domain.dll" to "bin\Debug\net10.0\CoffeeStaffManagement.Domain.dll". The process cannot access the file 'D:\GitHub\coffee-staff-management\backend\CoffeeStaffManagement.API\bin\Debug\net10.0\CoffeeStaffManagement.Domain.dll' because it is being used by another process. [D:\GitHub\coffee-staff-management\backend\CoffeeStaffManagement.API\CoffeeStaffManagement.API.csproj]
C:\Program Files\dotnet\sdk\10.0.102\Microsoft.Common.CurrentVersion.targets(5080,5): error MSB3027: Could not copy "D:\GitHub\coffee-staff-management\backend\CoffeeStaffManagement.Infrastructure\bin\Debug\net10.0\CoffeeStaffManagement.Infrastructure.dll" to "bin\Debug\net10.0\CoffeeStaffManagement.Infrastructure.dll". Exceeded retry count of 10. Failed. The file is locked by: "CoffeeStaffManagement.API (6624)" [D:\GitHub\coffee-staff-management\backend\CoffeeStaffManagement.API\CoffeeStaffManagement.API.csproj]
C:\Program Files\dotnet\sdk\10.0.102\Microsoft.Common.CurrentVersion.targets(5080,5): error MSB3021: Unable to copy file "D:\GitHub\coffee-staff-management\backend\CoffeeStaffManagement.Infrastructure\bin\Debug\net10.0\CoffeeStaffManagement.Infrastructure.dll" to "bin\Debug\net10.0\CoffeeStaffManagement.Infrastructure.dll". The process cannot access the file 'D:\GitHub\coffee-staff-management\backend\CoffeeStaffManagement.API\bin\Debug\net10.0\CoffeeStaffManagement.Infrastructure.dll' because it is being used by another process. [D:\GitHub\coffee-staff-management\backend\CoffeeStaffManagement.API\CoffeeStaffManagement.API.csproj]

Build FAILED.

C:\Program Files\dotnet\sdk\10.0.102\Microsoft.Common.CurrentVersion.targets(5080,5): warning MSB3026: Could not copy "D:\GitHub\coffee-staff-management\backend\CoffeeStaffManagement.Application\bin\Debug\net10.0\CoffeeStaffManagement.Application.dll" to "bin\Debug\net10.0\CoffeeStaffManagement.Application.dll". Beginning retry 1 in 1000ms. The process cannot access the file 'D:\GitHub\coffee-staff-management\backend\CoffeeStaffManagement.API\bin\Debug\net10.0\CoffeeStaffManagement.Application.dll' because it is being used by another process. The file is locked by: "CoffeeStaffManagement.API (6624)" [D:\GitHub\coffee-staff-management\backend\CoffeeStaffManagement.API\CoffeeStaffManagement.API.csproj]
C:\Program Files\dotnet\sdk\10.0.102\Microsoft.Common.CurrentVersion.targets(5080,5): warning MSB3026: Could not copy "D:\GitHub\coffee-staff-management\backend\CoffeeStaffManagement.Infrastructure\bin\Debug\net10.0\CoffeeStaffManagement.Infrastructure.dll" to "bin\Debug\net10.0\CoffeeStaffManagement.Infrastructure.dll". Beginning retry 1 in 1000ms. The process cannot access the file 'D:\GitHub\coffee-staff-management\backend\CoffeeStaffManagement.API\bin\Debug\net10.0\CoffeeStaffManagement.Infrastructure.dll' because it is being used by another process. The file is locked by: "CoffeeStaffManagement.API (6624)" [D:\GitHub\coffee-staff-management\backend\CoffeeStaffManagement.API\CoffeeStaffManagement.API.csproj]
C:\Program Files\dotnet\sdk\10.0.102\Microsoft.Common.CurrentVersion.targets(5080,5): warning MSB3026: Could not copy "D:\GitHub\coffee-staff-management\backend\CoffeeStaffManagement.Domain\bin\Debug\net10.0\CoffeeStaffManagement.Domain.dll" to "bin\Debug\net10.0\CoffeeStaffManagement.Domain.dll". Beginning retry 1 in 1000ms. The process cannot access the file 'D:\GitHub\coffee-staff-management\backend\CoffeeStaffManagement.API\bin\Debug\net10.0\CoffeeStaffManagement.Domain.dll' because it is being used by another process. The file is locked by: "CoffeeStaffManagement.API (6624)" [D:\GitHub\coffee-staff-management\backend\CoffeeStaffManagement.API\CoffeeStaffManagement.API.csproj]
C:\Program Files\dotnet\sdk\10.0.102\Microsoft.Common.CurrentVersion.targets(5080,5): warning MSB3026: Could not copy "D:\GitHub\coffee-staff-management\backend\CoffeeStaffManagement.Infrastructure\bin\Debug\net10.0\CoffeeStaffManagement.Infrastructure.dll" to "bin\Debug\net10.0\CoffeeStaffManagement.Infrastructure.dll". Beginning retry 2 in 1000ms. The process cannot access the file 'D:\GitHub\coffee-staff-management\backend\CoffeeStaffManagement.API\bin\Debug\net10.0\CoffeeStaffManagement.Infrastructure.dll' because it is being used by another process. The file is locked by: "CoffeeStaffManagement.API (6624)" [D:\GitHub\coffee-staff-management\backend\CoffeeStaffManagement.API\CoffeeStaffManagement.API.csproj]
C:\Program Files\dotnet\sdk\10.0.102\Microsoft.Common.CurrentVersion.targets(5080,5): warning MSB3026: Could not copy "D:\GitHub\coffee-staff-management\backend\CoffeeStaffManagement.Application\bin\Debug\net10.0\CoffeeStaffManagement.Application.dll" to "bin\Debug\net10.0\CoffeeStaffManagement.Application.dll". Beginning retry 2 in 1000ms. The process cannot access the file 'D:\GitHub\coffee-staff-management\backend\CoffeeStaffManagement.API\bin\Debug\net10.0\CoffeeStaffManagement.Application.dll' because it is being used by another process. The file is locked by: "CoffeeStaffManagement.API (6624)" [D:\GitHub\coffee-staff-management\backend\CoffeeStaffManagement.API\CoffeeStaffManagement.API.csproj]
C:\Program Files\dotnet\sdk\10.0.102\Microsoft.Common.CurrentVersion.targets(5080,5): warning MSB3026: Could not copy "D:\GitHub\coffee-staff-management\backend\CoffeeStaffManagement.Domain\bin\Debug\net10.0\CoffeeStaffManagement.Domain.dll" to "bin\Debug\net10.0\CoffeeStaffManagement.Domain.dll". Beginning retry 2 in 1000ms. The process cannot access the file 'D:\GitHub\coffee-staff-management\backend\CoffeeStaffManagement.API\bin\Debug\net10.0\CoffeeStaffManagement.Domain.dll' because it is being used by another process. The file is locked by: "CoffeeStaffManagement.API (6624)" [D:\GitHub\coffee-staff-management\backend\CoffeeStaffManagement.API\CoffeeStaffManagement.API.csproj]
C:\Program Files\dotnet\sdk\10.0.102\Microsoft.Common.CurrentVersion.targets(5080,5): warning MSB3026: Could not copy "D:\GitHub\coffee-staff-management\backend\CoffeeStaffManagement.Application\bin\Debug\net10.0\CoffeeStaffManagement.Application.dll" to "bin\Debug\net10.0\CoffeeStaffManagement.Application.dll". Beginning retry 3 in 1000ms. The process cannot access the file 'D:\GitHub\coffee-staff-management\backend\CoffeeStaffManagement.API\bin\Debug\net10.0\CoffeeStaffManagement.Application.dll' because it is being used by another process. The file is locked by: "CoffeeStaffManagement.API (6624)" [D:\GitHub\coffee-staff-management\backend\CoffeeStaffManagement.API\CoffeeStaffManagement.API.csproj]
C:\Program Files\dotnet\sdk\10.0.102\Microsoft.Common.CurrentVersion.targets(5080,5): warning MSB3026: Could not copy "D:\GitHub\coffee-staff-management\backend\CoffeeStaffManagement.Infrastructure\bin\Debug\net10.0\CoffeeStaffManagement.Infrastructure.dll" to "bin\Debug\net10.0\CoffeeStaffManagement.Infrastructure.dll". Beginning retry 3 in 1000ms. The process cannot access the file 'D:\GitHub\coffee-staff-management\backend\CoffeeStaffManagement.API\bin\Debug\net10.0\CoffeeStaffManagement.Infrastructure.dll' because it is being used by another process. The file is locked by: "CoffeeStaffManagement.API (6624)" [D:\GitHub\coffee-staff-management\backend\CoffeeStaffManagement.API\CoffeeStaffManagement.API.csproj]
C:\Program Files\dotnet\sdk\10.0.102\Microsoft.Common.CurrentVersion.targets(5080,5): warning MSB3026: Could not copy "D:\GitHub\coffee-staff-management\backend\CoffeeStaffManagement.Domain\bin\Debug\net10.0\CoffeeStaffManagement.Domain.dll" to "bin\Debug\net10.0\CoffeeStaffManagement.Domain.dll". Beginning retry 3 in 1000ms. The process cannot access the file 'D:\GitHub\coffee-staff-management\backend\CoffeeStaffManagement.API\bin\Debug\net10.0\CoffeeStaffManagement.Domain.dll' because it is being used by another process. The file is locked by: "CoffeeStaffManagement.API (6624)" [D:\GitHub\coffee-staff-management\backend\CoffeeStaffManagement.API\CoffeeStaffManagement.API.csproj]
C:\Program Files\dotnet\sdk\10.0.102\Microsoft.Common.CurrentVersion.targets(5080,5): warning MSB3026: Could not copy "D:\GitHub\coffee-staff-management\backend\CoffeeStaffManagement.Application\bin\Debug\net10.0\CoffeeStaffManagement.Application.dll" to "bin\Debug\net10.0\CoffeeStaffManagement.Application.dll". Beginning retry 4 in 1000ms. The process cannot access the file 'D:\GitHub\coffee-staff-management\backend\CoffeeStaffManagement.API\bin\Debug\net10.0\CoffeeStaffManagement.Application.dll' because it is being used by another process. The file is locked by: "CoffeeStaffManagement.API (6624)" [D:\GitHub\coffee-staff-management\backend\CoffeeStaffManagement.API\CoffeeStaffManagement.API.csproj]
C:\Program Files\dotnet\sdk\10.0.102\Microsoft.Common.CurrentVersion.targets(5080,5): warning MSB3026: Could not copy "D:\GitHub\coffee-staff-management\backend\CoffeeStaffManagement.Domain\bin\Debug\net10.0\CoffeeStaffManagement.Domain.dll" to "bin\Debug\net10.0\CoffeeStaffManagement.Domain.dll". Beginning retry 4 in 1000ms. The process cannot access the file 'D:\GitHub\coffee-staff-management\backend\CoffeeStaffManagement.API\bin\Debug\net10.0\CoffeeStaffManagement.Domain.dll' because it is being used by another process. The file is locked by: "CoffeeStaffManagement.API (6624)" [D:\GitHub\coffee-staff-management\backend\CoffeeStaffManagement.API\CoffeeStaffManagement.API.csproj]
C:\Program Files\dotnet\sdk\10.0.102\Microsoft.Common.CurrentVersion.targets(5080,5): warning MSB3026: Could not copy "D:\GitHub\coffee-staff-management\backend\CoffeeStaffManagement.Infrastructure\bin\Debug\net10.0\CoffeeStaffManagement.Infrastructure.dll" to "bin\Debug\net10.0\CoffeeStaffManagement.Infrastructure.dll". Beginning retry 4 in 1000ms. The process cannot access the file 'D:\GitHub\coffee-staff-management\backend\CoffeeStaffManagement.API\bin\Debug\net10.0\CoffeeStaffManagement.Infrastructure.dll' because it is being used by another process. The file is locked by: "CoffeeStaffManagement.API (6624)" [D:\GitHub\coffee-staff-management\backend\CoffeeStaffManagement.API\CoffeeStaffManagement.API.csproj]
C:\Program Files\dotnet\sdk\10.0.102\Microsoft.Common.CurrentVersion.targets(5080,5): warning MSB3026: Could not copy "D:\GitHub\coffee-staff-management\backend\CoffeeStaffManagement.Application\bin\Debug\net10.0\CoffeeStaffManagement.Application.dll" to "bin\Debug\net10.0\CoffeeStaffManagement.Application.dll". Beginning retry 5 in 1000ms. The process cannot access the file 'D:\GitHub\coffee-staff-management\backend\CoffeeStaffManagement.API\bin\Debug\net10.0\CoffeeStaffManagement.Application.dll' because it is being used by another process. The file is locked by: "CoffeeStaffManagement.API (6624)" [D:\GitHub\coffee-staff-management\backend\CoffeeStaffManagement.API\CoffeeStaffManagement.API.csproj]
C:\Program Files\dotnet\sdk\10.0.102\Microsoft.Common.CurrentVersion.targets(5080,5): warning MSB3026: Could not copy "D:\GitHub\coffee-staff-management\backend\CoffeeStaffManagement.Domain\bin\Debug\net10.0\CoffeeStaffManagement.Domain.dll" to "bin\Debug\net10.0\CoffeeStaffManagement.Domain.dll". Beginning retry 5 in 1000ms. The process cannot access the file 'D:\GitHub\coffee-staff-management\backend\CoffeeStaffManagement.API\bin\Debug\net10.0\CoffeeStaffManagement.Domain.dll' because it is being used by another process. The file is locked by: "CoffeeStaffManagement.API (6624)" [D:\GitHub\coffee-staff-management\backend\CoffeeStaffManagement.API\CoffeeStaffManagement.API.csproj]
C:\Program Files\dotnet\sdk\10.0.102\Microsoft.Common.CurrentVersion.targets(5080,5): warning MSB3026: Could not copy "D:\GitHub\coffee-staff-management\backend\CoffeeStaffManagement.Infrastructure\bin\Debug\net10.0\CoffeeStaffManagement.Infrastructure.dll" to "bin\Debug\net10.0\CoffeeStaffManagement.Infrastructure.dll". Beginning retry 5 in 1000ms. The process cannot access the file 'D:\GitHub\coffee-staff-management\backend\CoffeeStaffManagement.API\bin\Debug\net10.0\CoffeeStaffManagement.Infrastructure.dll' because it is being used by another process. The file is locked by: "CoffeeStaffManagement.API (6624)" [D:\GitHub\coffee-staff-management\backend\CoffeeStaffManagement.API\CoffeeStaffManagement.API.csproj]
C:\Program Files\dotnet\sdk\10.0.102\Microsoft.Common.CurrentVersion.targets(5080,5): warning MSB3026: Could not copy "D:\GitHub\coffee-staff-management\backend\CoffeeStaffManagement.Application\bin\Debug\net10.0\CoffeeStaffManagement.Application.dll" to "bin\Debug\net10.0\CoffeeStaffManagement.Application.dll". Beginning retry 6 in 1000ms. The process cannot access the file 'D:\GitHub\coffee-staff-management\backend\CoffeeStaffManagement.API\bin\Debug\net10.0\CoffeeStaffManagement.Application.dll' because it is being used by another process. The file is locked by: "CoffeeStaffManagement.API (6624)" [D:\GitHub\coffee-staff-management\backend\CoffeeStaffManagement.API\CoffeeStaffManagement.API.csproj]
C:\Program Files\dotnet\sdk\10.0.102\Microsoft.Common.CurrentVersion.targets(5080,5): warning MSB3026: Could not copy "D:\GitHub\coffee-staff-management\backend\CoffeeStaffManagement.Domain\bin\Debug\net10.0\CoffeeStaffManagement.Domain.dll" to "bin\Debug\net10.0\CoffeeStaffManagement.Domain.dll". Beginning retry 6 in 1000ms. The process cannot access the file 'D:\GitHub\coffee-staff-management\backend\CoffeeStaffManagement.API\bin\Debug\net10.0\CoffeeStaffManagement.Domain.dll' because it is being used by another process. The file is locked by: "CoffeeStaffManagement.API (6624)" [D:\GitHub\coffee-staff-management\backend\CoffeeStaffManagement.API\CoffeeStaffManagement.API.csproj]
C:\Program Files\dotnet\sdk\10.0.102\Microsoft.Common.CurrentVersion.targets(5080,5): warning MSB3026: Could not copy "D:\GitHub\coffee-staff-management\backend\CoffeeStaffManagement.Infrastructure\bin\Debug\net10.0\CoffeeStaffManagement.Infrastructure.dll" to "bin\Debug\net10.0\CoffeeStaffManagement.Infrastructure.dll". Beginning retry 6 in 1000ms. The process cannot access the file 'D:\GitHub\coffee-staff-management\backend\CoffeeStaffManagement.API\bin\Debug\net10.0\CoffeeStaffManagement.Infrastructure.dll' because it is being used by another process. The file is locked by: "CoffeeStaffManagement.API (6624)" [D:\GitHub\coffee-staff-management\backend\CoffeeStaffManagement.API\CoffeeStaffManagement.API.csproj]
C:\Program Files\dotnet\sdk\10.0.102\Microsoft.Common.CurrentVersion.targets(5080,5): warning MSB3026: Could not copy "D:\GitHub\coffee-staff-management\backend\CoffeeStaffManagement.Application\bin\Debug\net10.0\CoffeeStaffManagement.Application.dll" to "bin\Debug\net10.0\CoffeeStaffManagement.Application.dll". Beginning retry 7 in 1000ms. The process cannot access the file 'D:\GitHub\coffee-staff-management\backend\CoffeeStaffManagement.API\bin\Debug\net10.0\CoffeeStaffManagement.Application.dll' because it is being used by another process. The file is locked by: "CoffeeStaffManagement.API (6624)" [D:\GitHub\coffee-staff-management\backend\CoffeeStaffManagement.API\CoffeeStaffManagement.API.csproj]
C:\Program Files\dotnet\sdk\10.0.102\Microsoft.Common.CurrentVersion.targets(5080,5): warning MSB3026: Could not copy "D:\GitHub\coffee-staff-management\backend\CoffeeStaffManagement.Domain\bin\Debug\net10.0\CoffeeStaffManagement.Domain.dll" to "bin\Debug\net10.0\CoffeeStaffManagement.Domain.dll". Beginning retry 7 in 1000ms. The process cannot access the file 'D:\GitHub\coffee-staff-management\backend\CoffeeStaffManagement.API\bin\Debug\net10.0\CoffeeStaffManagement.Domain.dll' because it is being used by another process. The file is locked by: "CoffeeStaffManagement.API (6624)" [D:\GitHub\coffee-staff-management\backend\CoffeeStaffManagement.API\CoffeeStaffManagement.API.csproj]
C:\Program Files\dotnet\sdk\10.0.102\Microsoft.Common.CurrentVersion.targets(5080,5): warning MSB3026: Could not copy "D:\GitHub\coffee-staff-management\backend\CoffeeStaffManagement.Infrastructure\bin\Debug\net10.0\CoffeeStaffManagement.Infrastructure.dll" to "bin\Debug\net10.0\CoffeeStaffManagement.Infrastructure.dll". Beginning retry 7 in 1000ms. The process cannot access the file 'D:\GitHub\coffee-staff-management\backend\CoffeeStaffManagement.API\bin\Debug\net10.0\CoffeeStaffManagement.Infrastructure.dll' because it is being used by another process. The file is locked by: "CoffeeStaffManagement.API (6624)" [D:\GitHub\coffee-staff-management\backend\CoffeeStaffManagement.API\CoffeeStaffManagement.API.csproj]
C:\Program Files\dotnet\sdk\10.0.102\Microsoft.Common.CurrentVersion.targets(5080,5): warning MSB3026: Could not copy "D:\GitHub\coffee-staff-management\backend\CoffeeStaffManagement.Application\bin\Debug\net10.0\CoffeeStaffManagement.Application.dll" to "bin\Debug\net10.0\CoffeeStaffManagement.Application.dll". Beginning retry 8 in 1000ms. The process cannot access the file 'D:\GitHub\coffee-staff-management\backend\CoffeeStaffManagement.API\bin\Debug\net10.0\CoffeeStaffManagement.Application.dll' because it is being used by another process. The file is locked by: "CoffeeStaffManagement.API (6624)" [D:\GitHub\coffee-staff-management\backend\CoffeeStaffManagement.API\CoffeeStaffManagement.API.csproj]
C:\Program Files\dotnet\sdk\10.0.102\Microsoft.Common.CurrentVersion.targets(5080,5): warning MSB3026: Could not copy "D:\GitHub\coffee-staff-management\backend\CoffeeStaffManagement.Domain\bin\Debug\net10.0\CoffeeStaffManagement.Domain.dll" to "bin\Debug\net10.0\CoffeeStaffManagement.Domain.dll". Beginning retry 8 in 1000ms. The process cannot access the file 'D:\GitHub\coffee-staff-management\backend\CoffeeStaffManagement.API\bin\Debug\net10.0\CoffeeStaffManagement.Domain.dll' because it is being used by another process. The file is locked by: "CoffeeStaffManagement.API (6624)" [D:\GitHub\coffee-staff-management\backend\CoffeeStaffManagement.API\CoffeeStaffManagement.API.csproj]
C:\Program Files\dotnet\sdk\10.0.102\Microsoft.Common.CurrentVersion.targets(5080,5): warning MSB3026: Could not copy "D:\GitHub\coffee-staff-management\backend\CoffeeStaffManagement.Infrastructure\bin\Debug\net10.0\CoffeeStaffManagement.Infrastructure.dll" to "bin\Debug\net10.0\CoffeeStaffManagement.Infrastructure.dll". Beginning retry 8 in 1000ms. The process cannot access the file 'D:\GitHub\coffee-staff-management\backend\CoffeeStaffManagement.API\bin\Debug\net10.0\CoffeeStaffManagement.Infrastructure.dll' because it is being used by another process. The file is locked by: "CoffeeStaffManagement.API (6624)" [D:\GitHub\coffee-staff-management\backend\CoffeeStaffManagement.API\CoffeeStaffManagement.API.csproj]
C:\Program Files\dotnet\sdk\10.0.102\Microsoft.Common.CurrentVersion.targets(5080,5): warning MSB3026: Could not copy "D:\GitHub\coffee-staff-management\backend\CoffeeStaffManagement.Application\bin\Debug\net10.0\CoffeeStaffManagement.Application.dll" to "bin\Debug\net10.0\CoffeeStaffManagement.Application.dll". Beginning retry 9 in 1000ms. The process cannot access the file 'D:\GitHub\coffee-staff-management\backend\CoffeeStaffManagement.API\bin\Debug\net10.0\CoffeeStaffManagement.Application.dll' because it is being used by another process. The file is locked by: "CoffeeStaffManagement.API (6624)" [D:\GitHub\coffee-staff-management\backend\CoffeeStaffManagement.API\CoffeeStaffManagement.API.csproj]
C:\Program Files\dotnet\sdk\10.0.102\Microsoft.Common.CurrentVersion.targets(5080,5): warning MSB3026: Could not copy "D:\GitHub\coffee-staff-management\backend\CoffeeStaffManagement.Domain\bin\Debug\net10.0\CoffeeStaffManagement.Domain.dll" to "bin\Debug\net10.0\CoffeeStaffManagement.Domain.dll". Beginning retry 9 in 1000ms. The process cannot access the file 'D:\GitHub\coffee-staff-management\backend\CoffeeStaffManagement.API\bin\Debug\net10.0\CoffeeStaffManagement.Domain.dll' because it is being used by another process. The file is locked by: "CoffeeStaffManagement.API (6624)" [D:\GitHub\coffee-staff-management\backend\CoffeeStaffManagement.API\CoffeeStaffManagement.API.csproj]
C:\Program Files\dotnet\sdk\10.0.102\Microsoft.Common.CurrentVersion.targets(5080,5): warning MSB3026: Could not copy "D:\GitHub\coffee-staff-management\backend\CoffeeStaffManagement.Infrastructure\bin\Debug\net10.0\CoffeeStaffManagement.Infrastructure.dll" to "bin\Debug\net10.0\CoffeeStaffManagement.Infrastructure.dll". Beginning retry 9 in 1000ms. The process cannot access the file 'D:\GitHub\coffee-staff-management\backend\CoffeeStaffManagement.API\bin\Debug\net10.0\CoffeeStaffManagement.Infrastructure.dll' because it is being used by another process. The file is locked by: "CoffeeStaffManagement.API (6624)" [D:\GitHub\coffee-staff-management\backend\CoffeeStaffManagement.API\CoffeeStaffManagement.API.csproj]
C:\Program Files\dotnet\sdk\10.0.102\Microsoft.Common.CurrentVersion.targets(5080,5): warning MSB3026: Could not copy "D:\GitHub\coffee-staff-management\backend\CoffeeStaffManagement.Application\bin\Debug\net10.0\CoffeeStaffManagement.Application.dll" to "bin\Debug\net10.0\CoffeeStaffManagement.Application.dll". Beginning retry 10 in 1000ms. The process cannot access the file 'D:\GitHub\coffee-staff-management\backend\CoffeeStaffManagement.API\bin\Debug\net10.0\CoffeeStaffManagement.Application.dll' because it is being used by another process. The file is locked by: "CoffeeStaffManagement.API (6624)" [D:\GitHub\coffee-staff-management\backend\CoffeeStaffManagement.API\CoffeeStaffManagement.API.csproj]
C:\Program Files\dotnet\sdk\10.0.102\Microsoft.Common.CurrentVersion.targets(5080,5): warning MSB3026: Could not copy "D:\GitHub\coffee-staff-management\backend\CoffeeStaffManagement.Domain\bin\Debug\net10.0\CoffeeStaffManagement.Domain.dll" to "bin\Debug\net10.0\CoffeeStaffManagement.Domain.dll". Beginning retry 10 in 1000ms. The process cannot access the file 'D:\GitHub\coffee-staff-management\backend\CoffeeStaffManagement.API\bin\Debug\net10.0\CoffeeStaffManagement.Domain.dll' because it is being used by another process. The file is locked by: "CoffeeStaffManagement.API (6624)" [D:\GitHub\coffee-staff-management\backend\CoffeeStaffManagement.API\CoffeeStaffManagement.API.csproj]
C:\Program Files\dotnet\sdk\10.0.102\Microsoft.Common.CurrentVersion.targets(5080,5): warning MSB3026: Could not copy "D:\GitHub\coffee-staff-management\backend\CoffeeStaffManagement.Infrastructure\bin\Debug\net10.0\CoffeeStaffManagement.Infrastructure.dll" to "bin\Debug\net10.0\CoffeeStaffManagement.Infrastructure.dll". Beginning retry 10 in 1000ms. The process cannot access the file 'D:\GitHub\coffee-staff-management\backend\CoffeeStaffManagement.API\bin\Debug\net10.0\CoffeeStaffManagement.Infrastructure.dll' because it is being used by another process. The file is locked by: "CoffeeStaffManagement.API (6624)" [D:\GitHub\coffee-staff-management\backend\CoffeeStaffManagement.API\CoffeeStaffManagement.API.csproj]
C:\Program Files\dotnet\sdk\10.0.102\Microsoft.Common.CurrentVersion.targets(5080,5): error MSB3027: Could not copy "D:\GitHub\coffee-staff-management\backend\CoffeeStaffManagement.Application\bin\Debug\net10.0\CoffeeStaffManagement.Application.dll" to "bin\Debug\net10.0\CoffeeStaffManagement.Application.dll". Exceeded retry count of 10. Failed. The file is locked by: "CoffeeStaffManagement.API (6624)" [D:\GitHub\coffee-staff-management\backend\CoffeeStaffManagement.API\CoffeeStaffManagement.API.csproj]
C:\Program Files\dotnet\sdk\10.0.102\Microsoft.Common.CurrentVersion.targets(5080,5): error MSB3021: Unable to copy file "D:\GitHub\coffee-staff-management\backend\CoffeeStaffManagement.Application\bin\Debug\net10.0\CoffeeStaffManagement.Application.dll" to "bin\Debug\net10.0\CoffeeStaffManagement.Application.dll". The process cannot access the file 'D:\GitHub\coffee-staff-management\backend\CoffeeStaffManagement.API\bin\Debug\net10.0\CoffeeStaffManagement.Application.dll' because it is being used by another process. [D:\GitHub\coffee-staff-management\backend\CoffeeStaffManagement.API\CoffeeStaffManagement.API.csproj]
C:\Program Files\dotnet\sdk\10.0.102\Microsoft.Common.CurrentVersion.targets(5080,5): error MSB3027: Could not copy "D:\GitHub\coffee-staff-management\backend\CoffeeStaffManagement.Domain\bin\Debug\net10.0\CoffeeStaffManagement.Domain.dll" to "bin\Debug\net10.0\CoffeeStaffManagement.Domain.dll". Exceeded retry count of 10. Failed. The file is locked by: "CoffeeStaffManagement.API (6624)" [D:\GitHub\coffee-staff-management\backend\CoffeeStaffManagement.API\CoffeeStaffManagement.API.csproj]
C:\Program Files\dotnet\sdk\10.0.102\Microsoft.Common.CurrentVersion.targets(5080,5): error MSB3021: Unable to copy file "D:\GitHub\coffee-staff-management\backend\CoffeeStaffManagement.Domain\bin\Debug\net10.0\CoffeeStaffManagement.Domain.dll" to "bin\Debug\net10.0\CoffeeStaffManagement.Domain.dll". The process cannot access the file 'D:\GitHub\coffee-staff-management\backend\CoffeeStaffManagement.API\bin\Debug\net10.0\CoffeeStaffManagement.Domain.dll' because it is being used by another process. [D:\GitHub\coffee-staff-management\backend\CoffeeStaffManagement.API\CoffeeStaffManagement.API.csproj]
C:\Program Files\dotnet\sdk\10.0.102\Microsoft.Common.CurrentVersion.targets(5080,5): error MSB3027: Could not copy "D:\GitHub\coffee-staff-management\backend\CoffeeStaffManagement.Infrastructure\bin\Debug\net10.0\CoffeeStaffManagement.Infrastructure.dll" to "bin\Debug\net10.0\CoffeeStaffManagement.Infrastructure.dll". Exceeded retry count of 10. Failed. The file is locked by: "CoffeeStaffManagement.API (6624)" [D:\GitHub\coffee-staff-management\backend\CoffeeStaffManagement.API\CoffeeStaffManagement.API.csproj]
C:\Program Files\dotnet\sdk\10.0.102\Microsoft.Common.CurrentVersion.targets(5080,5): error MSB3021: Unable to copy file "D:\GitHub\coffee-staff-management\backend\CoffeeStaffManagement.Infrastructure\bin\Debug\net10.0\CoffeeStaffManagement.Infrastructure.dll" to "bin\Debug\net10.0\CoffeeStaffManagement.Infrastructure.dll". The process cannot access the file 'D:\GitHub\coffee-staff-management\backend\CoffeeStaffManagement.API\bin\Debug\net10.0\CoffeeStaffManagement.Infrastructure.dll' because it is being used by another process. [D:\GitHub\coffee-staff-management\backend\CoffeeStaffManagement.API\CoffeeStaffManagement.API.csproj]
    30 Warning(s)
    6 Error(s)

Time Elapsed 00:00:15.78
