  Determining projects to restore...
  All projects are up-to-date for restore.
  CoffeeStaffManagement.Domain -> d:\GitHub\coffee-staff-management\backend\CoffeeStaffManagement.Domain\bin\Debug\net10.0\CoffeeStaffManagement.Domain.dll
  CoffeeStaffManagement.Application -> d:\GitHub\coffee-staff-management\backend\CoffeeStaffManagement.Application\bin\Debug\net10.0\CoffeeStaffManagement.Application.dll
  CoffeeStaffManagement.Infrastructure -> d:\GitHub\coffee-staff-management\backend\CoffeeStaffManagement.Infrastructure\bin\Debug\net10.0\CoffeeStaffManagement.Infrastructure.dll
d:\GitHub\coffee-staff-management\backend\CoffeeStaffManagement.API\Middleware\ExceptionHandlingMiddleware.cs(34,20): error CS0103: The name 'HttpStatusCode' does not exist in the current context [d:\GitHub\coffee-staff-management\backend\CoffeeStaffManagement.API\CoffeeStaffManagement.API.csproj]
d:\GitHub\coffee-staff-management\backend\CoffeeStaffManagement.API\Middleware\ExceptionHandlingMiddleware.cs(39,20): error CS0103: The name 'HttpStatusCode' does not exist in the current context [d:\GitHub\coffee-staff-management\backend\CoffeeStaffManagement.API\CoffeeStaffManagement.API.csproj]
d:\GitHub\coffee-staff-management\backend\CoffeeStaffManagement.API\Middleware\ExceptionHandlingMiddleware.cs(44,60): error CS0103: The name 'HttpStatusCode' does not exist in the current context [d:\GitHub\coffee-staff-management\backend\CoffeeStaffManagement.API\CoffeeStaffManagement.API.csproj]
d:\GitHub\coffee-staff-management\backend\CoffeeStaffManagement.API\Middleware\ExceptionHandlingMiddleware.cs(45,67): error CS0103: The name 'HttpStatusCode' does not exist in the current context [d:\GitHub\coffee-staff-management\backend\CoffeeStaffManagement.API\CoffeeStaffManagement.API.csproj]
d:\GitHub\coffee-staff-management\backend\CoffeeStaffManagement.API\Middleware\ExceptionHandlingMiddleware.cs(46,57): error CS0103: The name 'HttpStatusCode' does not exist in the current context [d:\GitHub\coffee-staff-management\backend\CoffeeStaffManagement.API\CoffeeStaffManagement.API.csproj]
d:\GitHub\coffee-staff-management\backend\CoffeeStaffManagement.API\Middleware\ExceptionHandlingMiddleware.cs(35,25): warning CS8600: Converting null literal or possible null value to non-nullable type. [d:\GitHub\coffee-staff-management\backend\CoffeeStaffManagement.API\CoffeeStaffManagement.API.csproj]

Build FAILED.

d:\GitHub\coffee-staff-management\backend\CoffeeStaffManagement.API\Middleware\ExceptionHandlingMiddleware.cs(35,25): warning CS8600: Converting null literal or possible null value to non-nullable type. [d:\GitHub\coffee-staff-management\backend\CoffeeStaffManagement.API\CoffeeStaffManagement.API.csproj]
d:\GitHub\coffee-staff-management\backend\CoffeeStaffManagement.API\Middleware\ExceptionHandlingMiddleware.cs(34,20): error CS0103: The name 'HttpStatusCode' does not exist in the current context [d:\GitHub\coffee-staff-management\backend\CoffeeStaffManagement.API\CoffeeStaffManagement.API.csproj]
d:\GitHub\coffee-staff-management\backend\CoffeeStaffManagement.API\Middleware\ExceptionHandlingMiddleware.cs(39,20): error CS0103: The name 'HttpStatusCode' does not exist in the current context [d:\GitHub\coffee-staff-management\backend\CoffeeStaffManagement.API\CoffeeStaffManagement.API.csproj]
d:\GitHub\coffee-staff-management\backend\CoffeeStaffManagement.API\Middleware\ExceptionHandlingMiddleware.cs(44,60): error CS0103: The name 'HttpStatusCode' does not exist in the current context [d:\GitHub\coffee-staff-management\backend\CoffeeStaffManagement.API\CoffeeStaffManagement.API.csproj]
d:\GitHub\coffee-staff-management\backend\CoffeeStaffManagement.API\Middleware\ExceptionHandlingMiddleware.cs(45,67): error CS0103: The name 'HttpStatusCode' does not exist in the current context [d:\GitHub\coffee-staff-management\backend\CoffeeStaffManagement.API\CoffeeStaffManagement.API.csproj]
d:\GitHub\coffee-staff-management\backend\CoffeeStaffManagement.API\Middleware\ExceptionHandlingMiddleware.cs(46,57): error CS0103: The name 'HttpStatusCode' does not exist in the current context [d:\GitHub\coffee-staff-management\backend\CoffeeStaffManagement.API\CoffeeStaffManagement.API.csproj]
    1 Warning(s)
    5 Error(s)

Time Elapsed 00:00:04.25
